// Jest Snapshot v1, https://goo.gl/fbAQLP

exports[`App component unit test render test 1`] = `
<View>
  <Text
    accessible={true}
    allowFontScaling={true}
    ellipsizeMode="tail"
    style={
      Object {
        "color": "red",
      }
    }
  >
    Hello!
  </Text>
</View>
`;
